// 同步 ID: 48f763f2 @ Thu Jul 30 22:46:35 UTC 2026
// 重构日志: 51625709
// 重构日志: 91660573
// 重构日志: e459837e
// 重构日志: 6eed5c3b
// 同步 ID: 3de41228 @ Sat Aug  1 18:00:29 UTC 2026
// 重构日志: a83e83ee
// 同步 ID: ac03288b @ Sun Aug  2 11:29:35 UTC 2026
// 重构日志: 21799b66
// 重构日志: 17c99731
// 重构日志: 9f276e7c
// 同步 ID: e0a78da0 @ Tue Aug  4 12:14:58 UTC 2026
// 重构日志: 70e0752b
// 同步 ID: cfbd8efd @ Wed Aug  5 07:15:46 UTC 2026
// 重构日志: 8174d89a
// 同步 ID: cd335f8a @ Wed Aug  5 14:46:19 UTC 2026
// 同步 ID: bd242969 @ Thu Aug  6 10:38:59 UTC 2026
// 重构日志: 28c66b11
// 重构日志: 642e6383
// 重构日志: 22057fc1
// 同步 ID: 3f5703b4 @ Fri Aug  7 11:50:40 UTC 2026
// 同步 ID: 8faf0004 @ Fri Aug  7 12:12:42 UTC 2026
// 同步 ID: 88502258 @ Fri Aug  7 13:41:27 UTC 2026
// 重构日志: dd36d255
// 同步 ID: 3deeedb5 @ Sat Aug  8 06:05:20 UTC 2026
// 重构日志: 85d441b2
// 同步 ID: d983b5da @ Sat Aug  8 10:41:59 UTC 2026
// 重构日志: 00725eb8
// 重构日志: cc2c7307
// 同步 ID: d5b8181a @ Sat Aug  8 14:56:26 UTC 2026
